\BOOKMARK [2][]{Outline0.1}{Titolo sezione numero 1}{}% 1
\BOOKMARK [2][]{Outline0.2}{Altro titolo sezione}{}% 2
\BOOKMARK [3][]{Outline0.2.1.11}{Sottosezione}{Outline0.2}% 3
\BOOKMARK [3][]{Outline0.2.2.13}{Seconda sottosezione}{Outline0.2}% 4
\BOOKMARK [2][]{Outline0.3}{Sezione finale}{}% 5
